******************************************************************************
                  TI ARM Linker PC v20.2.7                     
******************************************************************************
>> Linked Thu Dec 12 15:27:55 2024

OUTPUT FILE NAME:   <TIVAC_DAC.out>
ENTRY POINT SYMBOL: "_c_int00_noargs"  address: 000007b5


MEMORY CONFIGURATION

         name            origin    length      used     unused   attr    fill
----------------------  --------  ---------  --------  --------  ----  --------
  FLASH                 00000000   00040000  0000088c  0003f774  R  X
  SRAM                  20000000   00008000  00000205  00007dfb  RW X


SEGMENT ALLOCATION MAP

run origin  load origin   length   init length attrs members
----------  ----------- ---------- ----------- ----- -------
00000000    00000000    00000890   00000890    r-x
  00000000    00000000    0000026c   0000026c    r-- .intvecs
  0000026c    0000026c    000005d0   000005d0    r-x .text
  0000083c    0000083c    00000020   00000020    r-- .const
  00000860    00000860    00000030   00000030    r-- .cinit
20000000    20000000    00000205   00000000    rw-
  20000000    20000000    00000200   00000000    rw- .stack
  20000200    20000200    00000004   00000000    rw- .bss
  20000204    20000204    00000001   00000000    rw- .data


SECTION ALLOCATION MAP

 output                                  attributes/
section   page    origin      length       input sections
--------  ----  ----------  ----------   ----------------
.intvecs   0    00000000    0000026c     
                  00000000    0000026c     tm4c123gh6pm_startup_ccs.obj (.intvecs)

.text      0    0000026c    000005d0     
                  0000026c    00000112     tm4c123gh6pm_startup_ccs.obj (.text)
                  0000037e    00000002     --HOLE-- [fill = 0]
                  00000380    000000d8     DAC.obj (.text)
                  00000458    000000a0     Piano.obj (.text)
                  000004f8    0000009c     rtsv7M4_T_le_v4SPD16_eabi.lib : memcpy_t2.asm.obj (.text)
                  00000594    00000090     SysTickInts.obj (.text)
                  00000624    00000088     PLL.obj (.text)
                  000006ac    00000068     rtsv7M4_T_le_v4SPD16_eabi.lib : copy_decompress_lzss.c.obj (.text:decompress:lzss:__TI_decompress_lzss)
                  00000714    0000005c     Sound.obj (.text)
                  00000770    00000044     rtsv7M4_T_le_v4SPD16_eabi.lib : autoinit.c.obj (.text:__TI_auto_init_nobinit_nopinit:__TI_auto_init_nobinit_nopinit)
                  000007b4    00000034                                   : boot_cortex_m.c.obj (.text:_c_int00_noargs:_c_int00_noargs)
                  000007e8    00000022     main.obj (.text)
                  0000080a    0000001c     rtsv7M4_T_le_v4SPD16_eabi.lib : copy_zero_init.c.obj (.text:decompress:ZI:__TI_zero_init_nomemset:__TI_zero_init_nomemset)
                  00000826    0000000e                                   : copy_decompress_none.c.obj (.text:decompress:none:__TI_decompress_none)
                  00000834    00000004                                   : pre_init.c.obj (.text:_system_pre_init)
                  00000838    00000004                                   : exit.c.obj (.text:abort:abort)

.const     0    0000083c    00000020     
                  0000083c    00000020     SysTickInts.obj (.const:.string:wave)

.cinit     0    00000860    00000030     
                  00000860    0000000c     (__TI_handler_table)
                  0000086c    00000004     --HOLE-- [fill = 0]
                  00000870    00000008     (.cinit..bss.load) [load image, compression = zero_init]
                  00000878    00000005     (.cinit..data.load) [load image, compression = lzss]
                  0000087d    00000003     --HOLE-- [fill = 0]
                  00000880    00000010     (__TI_cinit_table)

.init_array 
*          0    00000000    00000000     UNINITIALIZED

.bss       0    20000200    00000004     UNINITIALIZED
                  20000200    00000004     (.common:Counts)

.data      0    20000204    00000001     UNINITIALIZED
                  20000204    00000001     SysTickInts.obj (.data)

.stack     0    20000000    00000200     UNINITIALIZED
                  20000000    00000004     rtsv7M4_T_le_v4SPD16_eabi.lib : boot_cortex_m.c.obj (.stack)
                  20000004    000001fc     --HOLE--

__llvm_prf_cnts 
*          0    20000000    00000000     UNINITIALIZED

MODULE SUMMARY

       Module                         code   ro data   rw data
       ------                         ----   -------   -------
    .\
       tm4c123gh6pm_startup_ccs.obj   274    620       0      
       DAC.obj                        216    0         0      
       SysTickInts.obj                144    32        5      
       Piano.obj                      160    0         0      
       PLL.obj                        136    0         0      
       Sound.obj                      92     0         0      
       main.obj                       34     0         0      
    +--+------------------------------+------+---------+---------+
       Total:                         1056   652       5      
                                                              
    D:\EGEC_450\ccs\tools\compiler\ti-cgt-arm_20.2.7.LTS\lib\rtsv7M4_T_le_v4SPD16_eabi.lib
       memcpy_t2.asm.obj              156    0         0      
       copy_decompress_lzss.c.obj     104    0         0      
       autoinit.c.obj                 68     0         0      
       boot_cortex_m.c.obj            52     0         0      
       copy_zero_init.c.obj           28     0         0      
       copy_decompress_none.c.obj     14     0         0      
       exit.c.obj                     4      0         0      
       pre_init.c.obj                 4      0         0      
    +--+------------------------------+------+---------+---------+
       Total:                         430    0         0      
                                                              
       Stack:                         0      0         512    
       Linker Generated:              0      41        0      
    +--+------------------------------+------+---------+---------+
       Grand Total:                   1486   693       517    


LINKER GENERATED COPY TABLES

__TI_cinit_table @ 00000880 records: 2, size/record: 8, table size: 16
	.bss: load addr=00000870, load size=00000008 bytes, run addr=20000200, run size=00000004 bytes, compression=zero_init
	.data: load addr=00000878, load size=00000005 bytes, run addr=20000204, run size=00000001 bytes, compression=lzss


LINKER GENERATED HANDLER TABLE

__TI_handler_table @ 00000860 records: 3, size/record: 4, table size: 12
	index: 0, handler: __TI_decompress_lzss
	index: 1, handler: __TI_decompress_none
	index: 2, handler: __TI_zero_init


GLOBAL SYMBOLS: SORTED ALPHABETICALLY BY Name 

address   name                          
-------   ----                          
0000029d  ADC0Seq0_Handler              
0000029f  ADC0Seq1_Handler              
000002a1  ADC0Seq2_Handler              
000002a3  ADC0Seq3_Handler              
000002e1  ADC1Seq0_Handler              
000002e3  ADC1Seq1_Handler              
000002e5  ADC1Seq2_Handler              
000002e7  ADC1Seq3_Handler              
00000839  C$$EXIT                       
000002cf  CAN0_Handler                  
000002d1  CAN1_Handler                  
000002d3  CAN2_Handler                  
000002b3  Comp0_Handler                 
000002b5  Comp1_Handler                 
000002b7  Comp2_Handler                 
20000200  Counts                        
000003fd  DAC_Init                      
00000405  DAC_Out                       
0000027b  DebugMon_Handler              
00000365  DisableInterrupts             
00000369  EnableInterrupts              
00000375  EndCritical                   
000002d5  Ethernet_Handler              
000002eb  ExtBus_Handler                
00000325  FPU_Handler                   
00000335  Fan0_Handler                  
000002bb  FlashCtl_Handler              
00000281  GPIOPortA_Handler             
00000283  GPIOPortB_Handler             
00000381  GPIOPortB_Init                
00000285  GPIOPortC_Handler             
00000287  GPIOPortD_Handler             
000003bf  GPIOPortD_Init                
00000289  GPIOPortE_Handler             
00000459  GPIOPortE_Init                
000002bd  GPIOPortF_Handler             
000002bf  GPIOPortG_Handler             
000002c1  GPIOPortH_Handler             
000002ed  GPIOPortJ_Handler             
000002ef  GPIOPortK_Handler             
000002f1  GPIOPortL_Handler             
0000032f  GPIOPortM_Handler             
00000331  GPIOPortN_Handler             
00000339  GPIOPortP1_Handler            
0000033b  GPIOPortP2_Handler            
0000033d  GPIOPortP3_Handler            
0000033f  GPIOPortP4_Handler            
00000341  GPIOPortP5_Handler            
00000343  GPIOPortP6_Handler            
00000345  GPIOPortP7_Handler            
00000337  GPIOPortP_Handler             
00000349  GPIOPortQ1_Handler            
0000034b  GPIOPortQ2_Handler            
0000034d  GPIOPortQ3_Handler            
0000034f  GPIOPortQ4_Handler            
00000351  GPIOPortQ5_Handler            
00000353  GPIOPortQ6_Handler            
00000355  GPIOPortQ7_Handler            
00000347  GPIOPortQ_Handler             
00000357  GPIOPortR_Handler             
00000359  GPIOPortS_Handler             
000002d7  Hibernate_Handler             
00000291  I2C0_Handler                  
000002cb  I2C1_Handler                  
00000301  I2C2_Handler                  
00000303  I2C3_Handler                  
0000032b  I2C4_Handler                  
0000032d  I2C5_Handler                  
000002e9  I2S0_Handler                  
00000329  LPC0_Handler                  
00000327  PECI0_Handler                 
00000625  PLL_Init                      
00000293  PWM0Fault_Handler             
00000295  PWM0Generator0_Handler        
00000297  PWM0Generator1_Handler        
00000299  PWM0Generator2_Handler        
000002db  PWM0Generator3_Handler        
00000363  PWM1Fault_Handler             
0000035b  PWM1Generator0_Handler        
0000035d  PWM1Generator1_Handler        
0000035f  PWM1Generator2_Handler        
00000361  PWM1Generator3_Handler        
0000027d  PendSV_Handler                
0000049f  Piano_In                      
00000497  Piano_Init                    
0000029b  Quadrature0_Handler           
000002cd  Quadrature1_Handler           
00000333  Quadrature2_Handler           
0000026d  ResetISR                      
0000028f  SSI0_Handler                  
000002c5  SSI1_Handler                  
000002f3  SSI2_Handler                  
000002f5  SSI3_Handler                  
00000279  SVC_Handler                   
00000715  Sound_Init                    
00000721  Sound_Play                    
0000036d  StartCritical                 
000002b9  SysCtl_Handler                
000005d7  SysTick_Handler               
00000595  SysTick_Init                  
000002a7  Timer0A_Handler               
000002a9  Timer0B_Handler               
000002ab  Timer1A_Handler               
000002ad  Timer1B_Handler               
000002af  Timer2A_Handler               
000002b1  Timer2B_Handler               
000002c7  Timer3A_Handler               
000002c9  Timer3B_Handler               
00000305  Timer4A_Handler               
00000307  Timer4B_Handler               
00000309  Timer5A_Handler               
0000030b  Timer5B_Handler               
0000028b  UART0_Handler                 
0000028d  UART1_Handler                 
000002c3  UART2_Handler                 
000002f7  UART3_Handler                 
000002f9  UART4_Handler                 
000002fb  UART5_Handler                 
000002fd  UART6_Handler                 
000002ff  UART7_Handler                 
000002d9  USB0_Handler                  
000002a5  WDT_Handler                   
0000037b  WaitForInterrupt              
0000030d  WideTimer0A_Handler           
0000030f  WideTimer0B_Handler           
00000311  WideTimer1A_Handler           
00000313  WideTimer1B_Handler           
00000315  WideTimer2A_Handler           
00000317  WideTimer2B_Handler           
00000319  WideTimer3A_Handler           
0000031b  WideTimer3B_Handler           
0000031d  WideTimer4A_Handler           
0000031f  WideTimer4B_Handler           
00000321  WideTimer5A_Handler           
00000323  WideTimer5B_Handler           
20000200  __STACK_END                   
00000200  __STACK_SIZE                  
20000200  __STACK_TOP                   
00000880  __TI_CINIT_Base               
00000890  __TI_CINIT_Limit              
00000860  __TI_Handler_Table_Base       
0000086c  __TI_Handler_Table_Limit      
00000771  __TI_auto_init_nobinit_nopinit
000006ad  __TI_decompress_lzss          
00000827  __TI_decompress_none          
ffffffff  __TI_pprof_out_hndl           
ffffffff  __TI_prof_data_size           
ffffffff  __TI_prof_data_start          
00000000  __TI_static_base__            
0000080b  __TI_zero_init_nomemset       
000004f9  __aeabi_memcpy                
000004f9  __aeabi_memcpy4               
000004f9  __aeabi_memcpy8               
ffffffff  __binit__                     
ffffffff  __c_args__                    
UNDEFED   __mpu_init                    
20000000  __stack                       
20000000  __start___llvm_prf_cnts       
20000000  __stop___llvm_prf_cnts        
000007b5  _c_int00_noargs               
UNDEFED   _system_post_cinit            
00000835  _system_pre_init              
00000839  abort                         
ffffffff  binit                         
00000000  g_pfnVectors                  
20000204  index                         
000007e9  main                          
000004f9  memcpy                        
000002df  uDMA_Error                    
000002dd  uDMA_Handler                  
0000083c  wave                          


GLOBAL SYMBOLS: SORTED BY Symbol Address 

address   name                          
-------   ----                          
00000000  __TI_static_base__            
00000000  g_pfnVectors                  
00000200  __STACK_SIZE                  
0000026d  ResetISR                      
00000279  SVC_Handler                   
0000027b  DebugMon_Handler              
0000027d  PendSV_Handler                
00000281  GPIOPortA_Handler             
00000283  GPIOPortB_Handler             
00000285  GPIOPortC_Handler             
00000287  GPIOPortD_Handler             
00000289  GPIOPortE_Handler             
0000028b  UART0_Handler                 
0000028d  UART1_Handler                 
0000028f  SSI0_Handler                  
00000291  I2C0_Handler                  
00000293  PWM0Fault_Handler             
00000295  PWM0Generator0_Handler        
00000297  PWM0Generator1_Handler        
00000299  PWM0Generator2_Handler        
0000029b  Quadrature0_Handler           
0000029d  ADC0Seq0_Handler              
0000029f  ADC0Seq1_Handler              
000002a1  ADC0Seq2_Handler              
000002a3  ADC0Seq3_Handler              
000002a5  WDT_Handler                   
000002a7  Timer0A_Handler               
000002a9  Timer0B_Handler               
000002ab  Timer1A_Handler               
000002ad  Timer1B_Handler               
000002af  Timer2A_Handler               
000002b1  Timer2B_Handler               
000002b3  Comp0_Handler                 
000002b5  Comp1_Handler                 
000002b7  Comp2_Handler                 
000002b9  SysCtl_Handler                
000002bb  FlashCtl_Handler              
000002bd  GPIOPortF_Handler             
000002bf  GPIOPortG_Handler             
000002c1  GPIOPortH_Handler             
000002c3  UART2_Handler                 
000002c5  SSI1_Handler                  
000002c7  Timer3A_Handler               
000002c9  Timer3B_Handler               
000002cb  I2C1_Handler                  
000002cd  Quadrature1_Handler           
000002cf  CAN0_Handler                  
000002d1  CAN1_Handler                  
000002d3  CAN2_Handler                  
000002d5  Ethernet_Handler              
000002d7  Hibernate_Handler             
000002d9  USB0_Handler                  
000002db  PWM0Generator3_Handler        
000002dd  uDMA_Handler                  
000002df  uDMA_Error                    
000002e1  ADC1Seq0_Handler              
000002e3  ADC1Seq1_Handler              
000002e5  ADC1Seq2_Handler              
000002e7  ADC1Seq3_Handler              
000002e9  I2S0_Handler                  
000002eb  ExtBus_Handler                
000002ed  GPIOPortJ_Handler             
000002ef  GPIOPortK_Handler             
000002f1  GPIOPortL_Handler             
000002f3  SSI2_Handler                  
000002f5  SSI3_Handler                  
000002f7  UART3_Handler                 
000002f9  UART4_Handler                 
000002fb  UART5_Handler                 
000002fd  UART6_Handler                 
000002ff  UART7_Handler                 
00000301  I2C2_Handler                  
00000303  I2C3_Handler                  
00000305  Timer4A_Handler               
00000307  Timer4B_Handler               
00000309  Timer5A_Handler               
0000030b  Timer5B_Handler               
0000030d  WideTimer0A_Handler           
0000030f  WideTimer0B_Handler           
00000311  WideTimer1A_Handler           
00000313  WideTimer1B_Handler           
00000315  WideTimer2A_Handler           
00000317  WideTimer2B_Handler           
00000319  WideTimer3A_Handler           
0000031b  WideTimer3B_Handler           
0000031d  WideTimer4A_Handler           
0000031f  WideTimer4B_Handler           
00000321  WideTimer5A_Handler           
00000323  WideTimer5B_Handler           
00000325  FPU_Handler                   
00000327  PECI0_Handler                 
00000329  LPC0_Handler                  
0000032b  I2C4_Handler                  
0000032d  I2C5_Handler                  
0000032f  GPIOPortM_Handler             
00000331  GPIOPortN_Handler             
00000333  Quadrature2_Handler           
00000335  Fan0_Handler                  
00000337  GPIOPortP_Handler             
00000339  GPIOPortP1_Handler            
0000033b  GPIOPortP2_Handler            
0000033d  GPIOPortP3_Handler            
0000033f  GPIOPortP4_Handler            
00000341  GPIOPortP5_Handler            
00000343  GPIOPortP6_Handler            
00000345  GPIOPortP7_Handler            
00000347  GPIOPortQ_Handler             
00000349  GPIOPortQ1_Handler            
0000034b  GPIOPortQ2_Handler            
0000034d  GPIOPortQ3_Handler            
0000034f  GPIOPortQ4_Handler            
00000351  GPIOPortQ5_Handler            
00000353  GPIOPortQ6_Handler            
00000355  GPIOPortQ7_Handler            
00000357  GPIOPortR_Handler             
00000359  GPIOPortS_Handler             
0000035b  PWM1Generator0_Handler        
0000035d  PWM1Generator1_Handler        
0000035f  PWM1Generator2_Handler        
00000361  PWM1Generator3_Handler        
00000363  PWM1Fault_Handler             
00000365  DisableInterrupts             
00000369  EnableInterrupts              
0000036d  StartCritical                 
00000375  EndCritical                   
0000037b  WaitForInterrupt              
00000381  GPIOPortB_Init                
000003bf  GPIOPortD_Init                
000003fd  DAC_Init                      
00000405  DAC_Out                       
00000459  GPIOPortE_Init                
00000497  Piano_Init                    
0000049f  Piano_In                      
000004f9  __aeabi_memcpy                
000004f9  __aeabi_memcpy4               
000004f9  __aeabi_memcpy8               
000004f9  memcpy                        
00000595  SysTick_Init                  
000005d7  SysTick_Handler               
00000625  PLL_Init                      
000006ad  __TI_decompress_lzss          
00000715  Sound_Init                    
00000721  Sound_Play                    
00000771  __TI_auto_init_nobinit_nopinit
000007b5  _c_int00_noargs               
000007e9  main                          
0000080b  __TI_zero_init_nomemset       
00000827  __TI_decompress_none          
00000835  _system_pre_init              
00000839  C$$EXIT                       
00000839  abort                         
0000083c  wave                          
00000860  __TI_Handler_Table_Base       
0000086c  __TI_Handler_Table_Limit      
00000880  __TI_CINIT_Base               
00000890  __TI_CINIT_Limit              
20000000  __stack                       
20000000  __start___llvm_prf_cnts       
20000000  __stop___llvm_prf_cnts        
20000200  Counts                        
20000200  __STACK_END                   
20000200  __STACK_TOP                   
20000204  index                         
ffffffff  __TI_pprof_out_hndl           
ffffffff  __TI_prof_data_size           
ffffffff  __TI_prof_data_start          
ffffffff  __binit__                     
ffffffff  __c_args__                    
ffffffff  binit                         
UNDEFED   __mpu_init                    
UNDEFED   _system_post_cinit            

[171 symbols]
